src/components/Header.tsx(5,31): error TS2307: Cannot find module '../../contexts/ClientAuthContext' or its corresponding type declarations.
src/contexts/ClientAuthContext.tsx(1,8): error TS6133: 'React' is declared but its value is never read.
src/contexts/ClientAuthContext.tsx(1,65): error TS1484: 'ReactNode' is a type and must be imported using a type-only import when 'verbatimModuleSyntax' is enabled.
src/contexts/ClientAuthContext.tsx(2,29): error TS1484: 'ClientProfile' is a type and must be imported using a type-only import when 'verbatimModuleSyntax' is enabled.
src/contexts/ClientAuthContext.tsx(33,18): error TS6133: 'token' is declared but its value is never read.
src/pages/client/ClientDashboard.tsx(1,1): error TS6133: 'React' is declared but its value is never read.
src/pages/client/ClientLogin.tsx(2,23): error TS6133: 'Link' is declared but its value is never read.
